---
source: tests/cli-tests.rs
expression: format_outputs(&output)
---
stdout:
oranda 0.0.0
>o_o<

USAGE:
    oranda [OPTIONS]

OPTIONS:
    -h, --help       Print help information
    -V, --version    Print version information

GLOBAL OPTIONS:
        --output-format <OUTPUT_FORMAT>
            The format of the output [default: human] [possible values: human, json]

        --verbose <VERBOSE>
            How verbose logging should be (log level) [default: warn] [possible values: off, error,
            warn, info, debug, trace]

stderr:

